"","reads.in","reads.out"
"Sample1_R1.fastq.gz",94727,94120
"Sample2_R1.fastq.gz",92122,90811
"Sample3_R1.fastq.gz",103754,102618
